{"name": "control-baseline", "method": null, "prims": 9, "kmax": 0.249, "r100_p95": 0.294, "r100_above": 32, "p95": 0.16092286128015673, "bnd": 0.11800138723332713, "t2_fail": ["lane_center_noflare_p95_m", "boundary_inside_p95_m"], "s": 9.9}
{"name": "control-production", "method": "source-fit-6m-ends", "prims": 5, "kmax": 0.25, "r100_p95": 0.6046, "r100_above": 32, "p95": 0.2100362580216702, "bnd": 0.11800138723332713, "t2_fail": ["lane_center_noflare_p95_m", "lane_center_noflare_max_m", "boundary_inside_p95_m"], "s": 35.1}
{"name": "g11a-seg9-k0.25", "method": "structure-preserving", "prims": 9, "kmax": 0.311, "r100_p95": 0.5819, "r100_above": 41, "p95": 0.3279282331788503, "bnd": 0.11800138723332713, "t2_fail": ["lane_center_noflare_p95_m", "lane_center_noflare_max_m", "boundary_inside_p95_m"], "s": 23.8}
{"name": "g11a-seg9-k0.40", "method": "structure-preserving", "prims": 9, "kmax": 0.311, "r100_p95": 0.5819, "r100_above": 41, "p95": 0.3279282331788503, "bnd": 0.11800138723332713, "t2_fail": ["lane_center_noflare_p95_m", "lane_center_noflare_max_m", "boundary_inside_p95_m"], "s": 23.8}
{"name": "g11a-seg9-k0.60", "method": "structure-preserving", "prims": 9, "kmax": 0.311, "r100_p95": 0.5819, "r100_above": 41, "p95": 0.3279282331788503, "bnd": 0.11800138723332713, "t2_fail": ["lane_center_noflare_p95_m", "lane_center_noflare_max_m", "boundary_inside_p95_m"], "s": 23.5}
{"name": "g11a-seg11-k0.25", "method": "structure-preserving", "prims": 9, "kmax": 0.311, "r100_p95": 0.5819, "r100_above": 41, "p95": 0.3279282331788503, "bnd": 0.11800138723332713, "t2_fail": ["lane_center_noflare_p95_m", "lane_center_noflare_max_m", "boundary_inside_p95_m"], "s": 23.6}
{"name": "g11a-seg11-k0.40", "method": "structure-preserving", "prims": 9, "kmax": 0.311, "r100_p95": 0.5819, "r100_above": 41, "p95": 0.3279282331788503, "bnd": 0.11800138723332713, "t2_fail": ["lane_center_noflare_p95_m", "lane_center_noflare_max_m", "boundary_inside_p95_m"], "s": 24.0}
{"name": "g11a-seg11-k0.60", "method": "structure-preserving", "prims": 9, "kmax": 0.311, "r100_p95": 0.5819, "r100_above": 41, "p95": 0.3279282331788503, "bnd": 0.11800138723332713, "t2_fail": ["lane_center_noflare_p95_m", "lane_center_noflare_max_m", "boundary_inside_p95_m"], "s": 23.5}
{"name": "g11a-seg15-k0.25", "method": "structure-preserving", "prims": 9, "kmax": 0.311, "r100_p95": 0.5819, "r100_above": 41, "p95": 0.3279282331788503, "bnd": 0.11800138723332713, "t2_fail": ["lane_center_noflare_p95_m", "lane_center_noflare_max_m", "boundary_inside_p95_m"], "s": 23.7}
{"name": "g11a-seg15-k0.40", "method": "structure-preserving", "prims": 9, "kmax": 0.311, "r100_p95": 0.5819, "r100_above": 41, "p95": 0.3279282331788503, "bnd": 0.11800138723332713, "t2_fail": ["lane_center_noflare_p95_m", "lane_center_noflare_max_m", "boundary_inside_p95_m"], "s": 23.7}
{"name": "g11a-seg15-k0.60", "method": "structure-preserving", "prims": 9, "kmax": 0.311, "r100_p95": 0.5819, "r100_above": 41, "p95": 0.3279282331788503, "bnd": 0.11800138723332713, "t2_fail": ["lane_center_noflare_p95_m", "lane_center_noflare_max_m", "boundary_inside_p95_m"], "s": 23.5}
{"name": "t2-seg3-k0.25", "method": "structure-preserving", "prims": 9, "kmax": 0.311, "r100_p95": 0.5819, "r100_above": 41, "p95": 0.3279282331788503, "bnd": 0.11800138723332713, "t2_fail": ["lane_center_noflare_p95_m", "lane_center_noflare_max_m", "boundary_inside_p95_m"], "s": 24.7}
{"name": "t2-seg3-k0.40", "method": "source-fit-3m-ends", "prims": 6, "kmax": 0.304, "r100_p95": 0.2888, "r100_above": 32, "p95": 0.20131100981891217, "bnd": 0.11800138723332713, "t2_fail": ["lane_center_noflare_p95_m", "boundary_inside_p95_m"], "s": 24.5}
{"name": "t2-seg3-k0.60", "method": "source-fit-3m-ends", "prims": 7, "kmax": 0.307, "r100_p95": 0.2408, "r100_above": 32, "p95": 0.1613974126075217, "bnd": 0.11800138723332713, "t2_fail": ["lane_center_noflare_p95_m", "boundary_inside_p95_m"], "s": 24.3}
{"name": "t2-seg2-k0.25", "method": "source-fit-2m-ends", "prims": 10, "kmax": 0.25, "r100_p95": 0.2764, "r100_above": 32, "p95": 0.18985729392863862, "bnd": 0.11800138723332713, "t2_fail": ["lane_center_noflare_p95_m", "boundary_inside_p95_m"], "s": 25.9}
{"name": "t2-seg2-k0.40", "method": "source-fit-2m-ends", "prims": 9, "kmax": 0.292, "r100_p95": 0.2303, "r100_above": 31, "p95": 0.16536164640337653, "bnd": 0.11800138723332713, "t2_fail": ["lane_center_noflare_p95_m", "boundary_inside_p95_m"], "s": 24.7}
{"name": "t2-seg2-k0.60", "method": "source-fit-2m-ends", "prims": 8, "kmax": 0.297, "r100_p95": 0.2455, "r100_above": 32, "p95": 0.18320685397100744, "bnd": 0.11800138723332713, "t2_fail": ["lane_center_noflare_p95_m", "boundary_inside_p95_m"], "s": 24.5}
{"name": "t2-seg1.5-k0.25", "method": "source-fit-1.5m-ends", "prims": 12, "kmax": 0.25, "r100_p95": 0.3102, "r100_above": 32, "p95": 0.21770630633529756, "bnd": 0.11800138723332713, "t2_fail": ["lane_center_noflare_p95_m", "lane_center_noflare_max_m", "boundary_inside_p95_m"], "s": 25.6}
{"name": "t2-seg1.5-k0.40", "method": "source-fit-1.5m-ends", "prims": 12, "kmax": 0.303, "r100_p95": 0.19, "r100_above": 7, "p95": 0.13980011908838133, "bnd": 0.11800138723332713, "t2_fail": ["boundary_inside_p95_m"], "s": 25.2}
{"name": "t2-seg1.5-k0.60", "method": "source-fit-1.5m-ends", "prims": 10, "kmax": 0.3, "r100_p95": 0.204, "r100_above": 9, "p95": 0.14295851787862462, "bnd": 0.11800138723332713, "t2_fail": ["boundary_inside_p95_m"], "s": 25.1}
{"name": "t2-seg1-k0.25", "method": "source-fit-1m-ends", "prims": 20, "kmax": 0.25, "r100_p95": 0.3181, "r100_above": 31, "p95": 0.1824914183730036, "bnd": 0.11800138723332713, "t2_fail": ["lane_center_noflare_p95_m", "boundary_inside_p95_m"], "s": 28.7}
{"name": "t2-seg1-k0.40", "method": "source-fit-1m-ends", "prims": 21, "kmax": 0.295, "r100_p95": 0.1931, "r100_above": 7, "p95": 0.13931153340687993, "bnd": 0.11800138723332713, "t2_fail": ["boundary_inside_p95_m"], "s": 26.9}
{"name": "t2-seg1-k0.60", "method": "source-fit-1m-ends", "prims": 21, "kmax": 0.295, "r100_p95": 0.1925, "r100_above": 6, "p95": 0.139204361919873, "bnd": 0.11800138723332713, "t2_fail": ["boundary_inside_p95_m"], "s": 27.7}
exit 0
